// Jest Snapshot v1, https://goo.gl/fbAQLP

exports[`+++capturing Snapshot of DateTimeInput 1`] = `
<div
  className="test-class"
>
  <div
    className="dp-code label"
  >
    user-message
    :
  </div>
  <span
    className="value"
    onClick={[Function]}
  >
    Yesterday
  </span>
  <div
    className="remove"
    onClick={[Function]}
  >
    X
  </div>
</div>
`;
