// Jest Snapshot v1, https://goo.gl/fbAQLP

exports[`+++capturing Snapshot of TextInput 1`] = `
<div
  className=""
>
  <div
    className="dp-code label"
  >
    user-message
    :
  </div>
  <span
    className="value"
    onClick={[Function]}
  >
    help upgrading
  </span>
  <div
    className={undefined}
    onClick={[Function]}
  >
    X
  </div>
</div>
`;
